node.exe : npm warn 
Unknown cli config 
"--watchAll". This will 
stop working in the next 
major version of npm.
En C:\Program 
Files\nodejs\npm.ps1: 29 
Carácter: 3
+   & $NODE_EXE 
$NPM_CLI_JS $args
+   ~~~~~~~~~~~~~~~~~~~~~~
~~~~~~~
    + CategoryInfo        
      : NotSpecified: (n  
  pm warn Unknow...vers   
 ion of npm.:String) [    
], RemoteException
    + FullyQualifiedError 
   Id : NativeCommandErr  
  or
 

> frontend@0.1.0 test
> react-scripts test src/__tests__/pages/Result.test.tsx

[baseline-browser-mapping]
 The data in this module 
is over two months old.  
To ensure accurate 
Baseline data, please 
update: `npm i baseline-br
owser-mapping@latest -D`
FAIL src/__tests__/pages/R
esult.test.tsx
  ÔùÅ Test suite failed 
to run

    Cannot find module 
'react-router-dom' from 's
rc/__tests__/pages/Result.
test.tsx'

    [0m [90m 10 |[39m
     [90m 11 |[39m 
[90m// Fully mock 
react-router-dom to avoid 
import issues[39m
    
[31m[1m>[22m[39m[90m 
12 |[39m jest[33m.[39mm
ock([32m'react-router-dom
'[39m[33m,[39m () 
[33m=>[39m ({
     [90m    |[39m      
[31m[1m^[22m[39m
     [90m 13 |[39m     
useNavigate[33m:[39m () 
[33m=>[39m jest[33m.[3
9mfn()[33m,[39m
     [90m 14 |[39m     
[33mMemoryRouter[39m[33m
:[39m ({ children 
}[33m:[39m { 
children[33m:[39m [33mR
eact[39m[33m.[39m[33mR
eactNode[39m }) 
[33m=>[39m [33m<[39m[
33mdiv[39m[33m>[39m{chi
ldren}[33m<[39m[33m/[3
9m[33mdiv[39m[33m>[39m
[33m,[39m
     [90m 15 |[39m     
[33mBrowserRouter[39m[33
m:[39m ({ children 
}[33m:[39m { 
children[33m:[39m [33mR
eact[39m[33m.[39m[33mR
eactNode[39m }) 
[33m=>[39m [33m<[39m[
33mdiv[39m[33m>[39m{chi
ldren}[33m<[39m[33m/[3
9m[33mdiv[39m[33m>[39m
[33m,[39m[0m

      at 
Resolver.resolveModule (no
de_modules/jest-resolve/bu
ild/resolver.js:324:11)
      at 
Object.<anonymous> (src/__
tests__/pages/Result.test.
tsx:12:6)
      at TestScheduler.sch
eduleTests (node_modules/@
jest/core/build/TestSchedu
ler.js:333:13)
      at runJest (node_mod
ules/@jest/core/build/runJ
est.js:404:19)

Test Suites: 1 failed, 1 
total
Tests:       0 total
Snapshots:   0 total
Time:        3.13 s
Ran all test suites 
matching /src\\__tests__\\
pages\\Result.test.tsx/i.

  console.error
    Error: Simulation not found
        at Object.<anonymous> (C:\Users\pablo\Documents\TFG PABLO\tfg-backtesting-platform\frontend\src\__tests__\pages\Result.test.tsx:87:56)
        at Promise.then.completed (C:\Users\pablo\Documents\TFG PABLO\tfg-backtesting-platform\frontend\node_modules\jest-circus\build\utils.js:391:28)
        at new Promise (<anonymous>)
        at callAsyncCircusFn (C:\Users\pablo\Documents\TFG PABLO\tfg-backtesting-platform\frontend\node_modules\jest-circus\build\utils.js:316:10)
        at _callCircusTest (C:\Users\pablo\Documents\TFG PABLO\tfg-backtesting-platform\frontend\node_modules\jest-circus\build\run.js:218:40)
        at runNextTicks (node:internal/process/task_queues:65:5)
        at processTimers (node:internal/timers:520:9)
        at _runTest (C:\Users\pablo\Documents\TFG PABLO\tfg-backtesting-platform\frontend\node_modules\jest-circus\build\run.js:155:3)
        at _runTestsForDescribeBlock (C:\Users\pablo\Documents\TFG PABLO\tfg-backtesting-platform\frontend\node_modules\jest-circus\build\run.js:66:9)
        at _runTestsForDescribeBlock (C:\Users\pablo\Documents\TFG PABLO\tfg-backtesting-platform\frontend\node_modules\jest-circus\build\run.js:60:9)
        at run (C:\Users\pablo\Documents\TFG PABLO\tfg-backtesting-platform\frontend\node_modules\jest-circus\build\run.js:25:3)
        at runAndTransformResultsToJestFormat (C:\Users\pablo\Documents\TFG PABLO\tfg-backtesting-platform\frontend\node_modules\jest-circus\build\legacy-code-todo-rewrite\jestAdapterInit.js:170:21)
        at jestAdapter (C:\Users\pablo\Documents\TFG PABLO\tfg-backtesting-platform\frontend\node_modules\jest-circus\build\legacy-code-todo-rewrite\jestAdapter.js:82:19)
        at runTestInternal (C:\Users\pablo\Documents\TFG PABLO\tfg-backtesting-platform\frontend\node_modules\jest-runner\build\runTest.js:389:16)
        at runTest (C:\Users\pablo\Documents\TFG PABLO\tfg-backtesting-platform\frontend\node_modules\jest-runner\build\runTest.js:475:34)
        at TestRunner.runTests (C:\Users\pablo\Documents\TFG PABLO\tfg-backtesting-platform\frontend\node_modules\jest-runner\build\index.js:101:12)
        at TestScheduler.scheduleTests (C:\Users\pablo\Documents\TFG PABLO\tfg-backtesting-platform\frontend\node_modules\@jest\core\build\TestScheduler.js:333:13)
        at runJest (C:\Users\pablo\Documents\TFG PABLO\tfg-backtesting-platform\frontend\node_modules\@jest\core\build\runJest.js:404:19)

    [0m [90m 132 |[39m         }
     [90m 133 |[39m       } [36mcatch[39m (e) {
    [31m[1m>[22m[39m[90m 134 |[39m         console[33m.[39merror(e)[33m;[39m
     [90m     |[39m                 [31m[1m^[22m[39m
     [90m 135 |[39m         setError([32m"Simulation not found"[39m)[33m;[39m
     [90m 136 |[39m       } [36mfinally[39m {
     [90m 137 |[39m         setLoading([36mfalse[39m)[33m;[39m[0m

      at load (src/pages/Result.tsx:134:17)

PASS src/__tests__/pages/R
esult.test.tsx
  Result Page Acceptance 
Tests
    ÔêÜ renders loading 
state initially (55 ms)
    ÔêÜ renders single 
simulation result 
dashboard (236 ms)
    ÔêÜ handles API 
errors gracefully (120 ms)

Test Suites: 1 passed, 1 
total
Tests:       3 passed, 3 
total
Snapshots:   0 total
Time:        4.218 s
Ran all test suites 
matching /src\\__tests__\\
pages\\Result.test.tsx/i.

[baseline-browser-mapping]
 The data in this module 
is over two months old.  
To ensure accurate 
Baseline data, please 
update: `npm i baseline-br
owser-mapping@latest -D`
  console.error
    Error: Simulation not found
        at Object.<anonymous> (C:\Users\pablo\Documents\TFG PABLO\tfg-backtesting-platform\frontend\src\__tests__\pages\Result.test.tsx:90:56)
        at Promise.then.completed (C:\Users\pablo\Documents\TFG PABLO\tfg-backtesting-platform\frontend\node_modules\jest-circus\build\utils.js:391:28)
        at new Promise (<anonymous>)
        at callAsyncCircusFn (C:\Users\pablo\Documents\TFG PABLO\tfg-backtesting-platform\frontend\node_modules\jest-circus\build\utils.js:316:10)
        at _callCircusTest (C:\Users\pablo\Documents\TFG PABLO\tfg-backtesting-platform\frontend\node_modules\jest-circus\build\run.js:218:40)
        at _runTest (C:\Users\pablo\Documents\TFG PABLO\tfg-backtesting-platform\frontend\node_modules\jest-circus\build\run.js:155:3)
        at _runTestsForDescribeBlock (C:\Users\pablo\Documents\TFG PABLO\tfg-backtesting-platform\frontend\node_modules\jest-circus\build\run.js:66:9)
        at _runTestsForDescribeBlock (C:\Users\pablo\Documents\TFG PABLO\tfg-backtesting-platform\frontend\node_modules\jest-circus\build\run.js:60:9)
        at run (C:\Users\pablo\Documents\TFG PABLO\tfg-backtesting-platform\frontend\node_modules\jest-circus\build\run.js:25:3)
        at runAndTransformResultsToJestFormat (C:\Users\pablo\Documents\TFG PABLO\tfg-backtesting-platform\frontend\node_modules\jest-circus\build\legacy-code-todo-rewrite\jestAdapterInit.js:170:21)
        at jestAdapter (C:\Users\pablo\Documents\TFG PABLO\tfg-backtesting-platform\frontend\node_modules\jest-circus\build\legacy-code-todo-rewrite\jestAdapter.js:82:19)
        at runTestInternal (C:\Users\pablo\Documents\TFG PABLO\tfg-backtesting-platform\frontend\node_modules\jest-runner\build\runTest.js:389:16)
        at runTest (C:\Users\pablo\Documents\TFG PABLO\tfg-backtesting-platform\frontend\node_modules\jest-runner\build\runTest.js:475:34)
        at Object.worker (C:\Users\pablo\Documents\TFG PABLO\tfg-backtesting-platform\frontend\node_modules\jest-runner\build\testWorker.js:133:12)

    [0m [90m 132 |[39m         }
     [90m 133 |[39m       } [36mcatch[39m (e) {
    [31m[1m>[22m[39m[90m 134 |[39m         console[33m.[39merror(e)[33m;[39m
     [90m     |[39m                 [31m[1m^[22m[39m
     [90m 135 |[39m         setError([32m"Simulation not found"[39m)[33m;[39m
     [90m 136 |[39m       } [36mfinally[39m {
     [90m 137 |[39m         setLoading([36mfalse[39m)[33m;[39m[0m

      at load (src/pages/Result.tsx:134:17)

PASS src/__tests__/pages/R
esult.test.tsx
  Result Page Acceptance 
Tests
    ÔêÜ renders loading 
state initially (53 ms)
    ÔêÜ renders single 
simulation result 
dashboard (64 ms)
    ÔêÜ handles API 
errors gracefully (103 ms)

Test Suites: 1 passed, 1 
total
Tests:       3 passed, 3 
total
Snapshots:   0 total
Time:        5.884 s
Ran all test suites 
matching /src\\__tests__\\
pages\\Result.test.tsx/i.

[baseline-browser-mapping]
 The data in this module 
is over two months old.  
To ensure accurate 
Baseline data, please 
update: `npm i baseline-br
owser-mapping@latest -D`
  console.error
    Error: Simulation not found
        at Object.<anonymous> (C:\Users\pablo\Documents\TFG PABLO\tfg-backtesting-platform\frontend\src\__tests__\pages\Result.test.tsx:90:56)
        at Promise.then.completed (C:\Users\pablo\Documents\TFG PABLO\tfg-backtesting-platform\frontend\node_modules\jest-circus\build\utils.js:391:28)
        at new Promise (<anonymous>)
        at callAsyncCircusFn (C:\Users\pablo\Documents\TFG PABLO\tfg-backtesting-platform\frontend\node_modules\jest-circus\build\utils.js:316:10)
        at _callCircusTest (C:\Users\pablo\Documents\TFG PABLO\tfg-backtesting-platform\frontend\node_modules\jest-circus\build\run.js:218:40)
        at _runTest (C:\Users\pablo\Documents\TFG PABLO\tfg-backtesting-platform\frontend\node_modules\jest-circus\build\run.js:155:3)
        at _runTestsForDescribeBlock (C:\Users\pablo\Documents\TFG PABLO\tfg-backtesting-platform\frontend\node_modules\jest-circus\build\run.js:66:9)
        at _runTestsForDescribeBlock (C:\Users\pablo\Documents\TFG PABLO\tfg-backtesting-platform\frontend\node_modules\jest-circus\build\run.js:60:9)
        at run (C:\Users\pablo\Documents\TFG PABLO\tfg-backtesting-platform\frontend\node_modules\jest-circus\build\run.js:25:3)
        at runAndTransformResultsToJestFormat (C:\Users\pablo\Documents\TFG PABLO\tfg-backtesting-platform\frontend\node_modules\jest-circus\build\legacy-code-todo-rewrite\jestAdapterInit.js:170:21)
        at jestAdapter (C:\Users\pablo\Documents\TFG PABLO\tfg-backtesting-platform\frontend\node_modules\jest-circus\build\legacy-code-todo-rewrite\jestAdapter.js:82:19)
        at runTestInternal (C:\Users\pablo\Documents\TFG PABLO\tfg-backtesting-platform\frontend\node_modules\jest-runner\build\runTest.js:389:16)
        at runTest (C:\Users\pablo\Documents\TFG PABLO\tfg-backtesting-platform\frontend\node_modules\jest-runner\build\runTest.js:475:34)
        at Object.worker (C:\Users\pablo\Documents\TFG PABLO\tfg-backtesting-platform\frontend\node_modules\jest-runner\build\testWorker.js:133:12)

    [0m [90m 132 |[39m         }
     [90m 133 |[39m       } [36mcatch[39m (e) {
    [31m[1m>[22m[39m[90m 134 |[39m         console[33m.[39merror(e)[33m;[39m
     [90m     |[39m                 [31m[1m^[22m[39m
     [90m 135 |[39m         setError([32m"Simulation not found"[39m)[33m;[39m
     [90m 136 |[39m       } [36mfinally[39m {
     [90m 137 |[39m         setLoading([36mfalse[39m)[33m;[39m[0m

      at load (src/pages/Result.tsx:134:17)

PASS src/__tests__/pages/R
esult.test.tsx
  Result Page Acceptance 
Tests
    ÔêÜ renders loading 
state initially (57 ms)
    ÔêÜ renders single 
simulation result 
dashboard (98 ms)
    ÔêÜ handles API 
errors gracefully (160 ms)

Test Suites: 1 passed, 1 
total
Tests:       3 passed, 3 
total
Snapshots:   0 total
Time:        6.085 s
Ran all test suites 
matching /src\\__tests__\\
pages\\Result.test.tsx/i.

