src/pages/History.tsx(198,5): error TS1128: Declaration or statement expected.
src/pages/History.tsx(199,3): error TS1109: Expression expected.
src/pages/History.tsx(200,1): error TS1128: Declaration or statement expected.
